// Jest Snapshot v1, https://goo.gl/fbAQLP

exports[`Quote page component renders correctly 1`] = `
<figure
  className="mainQuote"
>
  <blockquote
    cite="https://www.prodigygame.com/main-en/blog/math-quotes/"
  >
    <p>
      What is mathematics? It is only a systematic effort of solving puzzles posed by nature.
    </p>
  </blockquote>
  <figcaption>
    â€”Shakuntala Devi,
    <cite>
      Brave New World
    </cite>
  </figcaption>
</figure>
`;
