// Jest Snapshot v1, https://goo.gl/fbAQLP

exports[`Calculator component renders correctly 1`] = `
<div
  className="container"
>
  <div
    className="grid1 calculatorValueContainer"
  >
    <div
      className="calculatorValue"
      data-testid="result"
    >
      0
      
      
    </div>
  </div>
  <button
    className="gridLightGreyContainer"
    onClick={[Function]}
    type="button"
  >
     AC  
  </button>
  <button
    className="gridLightGreyContainer"
    onClick={[Function]}
    type="button"
  >
     +/- 
  </button>
  <button
    className="gridLightGreyContainer"
    onClick={[Function]}
    type="button"
  >
     % 
  </button>
  <button
    className="gridOrangeContainer"
    onClick={[Function]}
    type="button"
  >
     + 
  </button>
  <button
    className="gridLightGreyContainer"
    onClick={[Function]}
    type="button"
  >
     7 
  </button>
  <button
    className="gridLightGreyContainer"
    onClick={[Function]}
    type="button"
  >
      8 
  </button>
  <button
    className="gridLightGreyContainer"
    onClick={[Function]}
    type="button"
  >
     9 
  </button>
  <button
    className="gridOrangeContainer"
    onClick={[Function]}
    type="button"
  >
     x 
  </button>
  <button
    className="gridLightGreyContainer"
    onClick={[Function]}
    type="button"
  >
     4 
  </button>
  <button
    className="gridLightGreyContainer"
    onClick={[Function]}
    type="button"
  >
     5 
  </button>
  <button
    className="gridLightGreyContainer"
    onClick={[Function]}
    type="button"
  >
     6 
  </button>
  <button
    className="gridOrangeContainer"
    onClick={[Function]}
    type="button"
  >
     - 
  </button>
  <button
    className="gridLightGreyContainer"
    onClick={[Function]}
    type="button"
  >
     1 
  </button>
  <button
    className="gridLightGreyContainer"
    onClick={[Function]}
    type="button"
  >
     2 
  </button>
  <button
    className="gridLightGreyContainer"
    onClick={[Function]}
    type="button"
  >
     3 
  </button>
  <button
    className="gridOrangeContainer"
    onClick={[Function]}
    type="button"
  >
     + 
  </button>
  <button
    className="gridLightGreyContainer zeroValueContainer"
    onClick={[Function]}
    type="button"
  >
     0 
  </button>
  <button
    className="gridLightGreyContainer"
    onClick={[Function]}
    type="button"
  >
     . 
  </button>
  <button
    className="gridOrangeContainer"
    onClick={[Function]}
    type="button"
  >
     = 
  </button>
</div>
`;

exports[`Calculator page component renders correctly 1`] = `
<div
  className="container"
>
  <div
    className="grid1 calculatorValueContainer"
  >
    <div
      className="calculatorValue"
      data-testid="result"
    >
      0
      
      
    </div>
  </div>
  <button
    className="gridLightGreyContainer"
    onClick={[Function]}
    type="button"
  >
     AC  
  </button>
  <button
    className="gridLightGreyContainer"
    onClick={[Function]}
    type="button"
  >
     +/- 
  </button>
  <button
    className="gridLightGreyContainer"
    onClick={[Function]}
    type="button"
  >
     % 
  </button>
  <button
    className="gridOrangeContainer"
    onClick={[Function]}
    type="button"
  >
     + 
  </button>
  <button
    className="gridLightGreyContainer"
    onClick={[Function]}
    type="button"
  >
     7 
  </button>
  <button
    className="gridLightGreyContainer"
    onClick={[Function]}
    type="button"
  >
      8 
  </button>
  <button
    className="gridLightGreyContainer"
    onClick={[Function]}
    type="button"
  >
     9 
  </button>
  <button
    className="gridOrangeContainer"
    onClick={[Function]}
    type="button"
  >
     x 
  </button>
  <button
    className="gridLightGreyContainer"
    onClick={[Function]}
    type="button"
  >
     4 
  </button>
  <button
    className="gridLightGreyContainer"
    onClick={[Function]}
    type="button"
  >
     5 
  </button>
  <button
    className="gridLightGreyContainer"
    onClick={[Function]}
    type="button"
  >
     6 
  </button>
  <button
    className="gridOrangeContainer"
    onClick={[Function]}
    type="button"
  >
     - 
  </button>
  <button
    className="gridLightGreyContainer"
    onClick={[Function]}
    type="button"
  >
     1 
  </button>
  <button
    className="gridLightGreyContainer"
    onClick={[Function]}
    type="button"
  >
     2 
  </button>
  <button
    className="gridLightGreyContainer"
    onClick={[Function]}
    type="button"
  >
     3 
  </button>
  <button
    className="gridOrangeContainer"
    onClick={[Function]}
    type="button"
  >
     + 
  </button>
  <button
    className="gridLightGreyContainer zeroValueContainer"
    onClick={[Function]}
    type="button"
  >
     0 
  </button>
  <button
    className="gridLightGreyContainer"
    onClick={[Function]}
    type="button"
  >
     . 
  </button>
  <button
    className="gridOrangeContainer"
    onClick={[Function]}
    type="button"
  >
     = 
  </button>
</div>
`;
